2023-05-05 17:06:07.664758 0x00000d50         BackgroundTaskBase: Registering msteamsupdate.exe as bgtask com server for task: TeamsAsyncUpdaterTask
2023-05-05 17:06:07.664758 0x00000d50         Scenario: shell_bgtask_comserverregistration [start,success] Scenario.Status:success, Scenario.Step:start, delta:0, elapsed:0, elapsedSinceProcessStart:91, sequence:0
2023-05-05 17:06:07.670832 0x00001588         AsyncUpdaterTask: Starting updater background task
2023-05-05 17:06:07.683278 0x00001588         Scenario: shell_peristent_storage_read [start,success] Scenario.Status:success, Scenario.Step:start, delta:0, elapsed:12, elapsedSinceProcessStart:109, sequence:0
2023-05-05 17:06:07.684278 0x00001588         Scenario: shell_peristent_storage_read [stop,abandoned] InstanceId:04028156-fe7e-468c-8bc0-afea9af81cc4, Scenario.Mode:1, Scenario.Name:shell_peristent_storage_read, Scenario.Status:abandoned, Scenario.Step:stop, delta:0, elapsed:12, elapsedSinceProcessStart:109, error:no such file or directory, fileName:configuration.json, previousStep:start, sequence:1, stepDelta:0
2023-05-05 17:06:07.686279 0x00001588         Scenario: shell_peristent_storage_read [start,success] Scenario.Status:success, Scenario.Step:start, delta:0, elapsed:15, elapsedSinceProcessStart:112, sequence:0
2023-05-05 17:06:07.689279 0x00001588         Scenario: shell_peristent_storage_read [stop,success] InstanceId:229f38e0-1f04-44dd-8496-811e41f8af1a, Scenario.Mode:1, Scenario.Name:shell_peristent_storage_read, Scenario.Status:success, Scenario.Step:stop, delta:3, elapsed:18, elapsedSinceProcessStart:115, fileName:ecs_request_param.json, previousStep:start, sequence:1, stepDelta:3
2023-05-05 17:06:07.689279 0x00001588         TelemetryService: No primary user detected during a SetUserTenantId Call, setting 9188040d-6c67-4c5b-b112-36a304b66dad as default tenant
2023-05-05 17:06:07.689279 0x00001588         TelemetryService: No primary user detected during a SetUserId Call, setting 00000000-0000-0000-2d48-38c6fc473dda as UserInfo_Id
2023-05-05 17:06:07.693279 0x00001588         Scenario: shell_ecs_cache [start,success] Scenario.Status:success, Scenario.Step:start, delta:0, elapsed:22, elapsedSinceProcessStart:119, sequence:0
2023-05-05 17:06:07.697280 0x00001588         Scenario: shell_ecs_cache [stop,success] InstanceId:e772e565-aee7-4947-8da4-975b68573072, LatestVersion:23104.905.2039.8427, LatestVersionPath:/BuildSettings/WebView2/x64/latestVersion, Scenario.Mode:1, Scenario.Name:shell_ecs_cache, Scenario.Status:success, Scenario.Step:stop, StatusCode:200, TeamsBuilds:["arm64","latestVersion","x64","x86"], TeamsWebView2:["app","auth","autostart","core","extensibility","logging","meetNow","nativeModules","nbaFinalExperience","security","systemTray","taskbar","telemetry","tma","toasts","update","uxStateError","webLauncher","webNrc","webview","windowcontrols"], configExpiryTimeInSec:0, delta:3, elapsed:25, elapsedSinceProcessStart:122, expiry:Fri, 05 May 2023 13:18:31 GMT, previousStep:start, process:updater, requestParameters:{"ClientId":"d49b7b26-db8f-4180-9746-3e533f7a2667","aaduserid":"00000000-0000-0000-2d48-38c6fc473dda","agents":"TeamsBuilds,TeamsWebview2","audience":"general","cloud":"Consumer","cpuarch":"x64","desktopVersion":"23104.905.2039.8427","environment":"life","id":"00000000-0000-0000-2d48-38c6fc473dda","osplatform":"Windows","osversion":"10.0.22621","teamsring":"general","tenantId":"9188040d-6c67-4c5b-b112-36a304b66dad"}, sequence:1, stepDelta:3
2023-05-05 17:06:07.697280 0x00001588         Scenario: shell_ecs_start [start,success] Scenario.Status:success, Scenario.Step:start, delta:0, elapsed:26, elapsedSinceProcessStart:123, sequence:0
2023-05-05 17:06:07.697280 0x00001588         Scenario: shell_ecs_start [stop,success] InstanceId:c82d423b-745d-43bb-b0e6-0656ef4f1fe8, Scenario.Mode:3, Scenario.Name:shell_ecs_start, Scenario.Status:success, Scenario.Step:stop, Scenario.Steps:[{"Scenario.Status":"success","Scenario.Step":"stop","delta":0,"elapsed":26,"elapsedSinceProcessStart":123,"previousStep":"start","sequence":1,"stepDelta":0}], Scenario.StepsEx:[{}], delta:0, elapsed:26, elapsedSinceProcessStart:123, previousStep:start, sequence:1, stepDelta:0
2023-05-05 17:06:07.700286 0x00001588         Scenario: shell_msix_update [start,success] Scenario.Status:success, Scenario.Step:start, delta:0, elapsed:29, elapsedSinceProcessStart:126, sequence:0
2023-05-05 17:06:07.700286 0x00001588 <ERROR> DeploymentProviderMSIX: Invalid udpate url.
2023-05-05 17:06:07.700286 0x00001588 <ERROR> WIL: msteamsupdate.exe!00007FF7576BFADD: LogHr(1) tid(1588) 800704C7 The operation was canceled by the user.
2023-05-05 17:06:07.700286 0x00001588 <ERROR> WIL: msteamsupdate.exe!00007FF7577424A6: ReturnHr(1) tid(1588) 800704C7 The operation was canceled by the user.
    Msg:[winrt::hresult_error: The operation was canceled by the user.] 
2023-05-05 17:06:07.709545 0x00001588         Scenario: shell_msix_update [stop,abandoned] CurrentVersion:23104.905.2039.8427, DeviceInfo_OfficeMachineId:8b3c21ba-eb81-6d4a-8a7c-cec30b11b3cf, ErrorText:, ExtendedErrorCode:0x0
, GenericErrorCode:0x800704c7
, InstanceId:1378789f-0642-419e-923b-98a2737563e4, LatestVersion:23104.905.2039.8427, Scenario.Mode:3, Scenario.Name:shell_msix_update, Scenario.Status:abandoned, Scenario.Step:stop, Scenario.Steps:[{"Scenario.Status":"abandoned","Scenario.Step":"stop","delta":1,"elapsed":30,"elapsedSinceProcessStart":127,"previousStep":"start","sequence":1,"stepDelta":1}], Scenario.StepsEx:[{"CurrentVersion":"23104.905.2039.8427","DeviceInfo_OfficeMachineId":"8b3c21ba-eb81-6d4a-8a7c-cec30b11b3cf","ErrorText":"","ExtendedErrorCode":"0x0\n","GenericErrorCode":"0x800704c7\n","LatestVersion":"23104.905.2039.8427","UpdateCheckReason":"BgUpdateCheck","UpdateFailureCount":0,"UpdateUrl":"https://statics.teams.cdn.office.net/production-windows-x64/23104.905.2039.8427/MicrosoftTeams-x64.msix"}], UpdateCheckReason:BgUpdateCheck, UpdateFailureCount:0, UpdateUrl:https://statics.teams.cdn.office.net/production-windows-x64/23104.905.2039.8427/MicrosoftTeams-x64.msix, delta:1, elapsed:30, elapsedSinceProcessStart:127, previousStep:start, sequence:1, stepDelta:1
2023-05-05 17:06:07.710544 0x00001588         AsyncUpdaterTask: Updater task completed
2023-05-05 17:06:07.711896 0x00000d50         Scenario: shell_bgtask_comserverregistration [stop,success] InstanceId:7803d9e9-8029-42a0-a714-f3442f712600, Scenario.Mode:3, Scenario.Name:shell_bgtask_comserverregistration, Scenario.Status:success, Scenario.Step:stop, Scenario.Steps:[{"Scenario.Status":"success","Scenario.Step":"stop","delta":46,"elapsed":46,"elapsedSinceProcessStart":137,"previousStep":"start","sequence":1,"stepDelta":46}], Scenario.StepsEx:[{"taskName":"TeamsAsyncUpdaterTask"}], delta:46, elapsed:46, elapsedSinceProcessStart:137, previousStep:start, sequence:1, stepDelta:46, taskName:TeamsAsyncUpdaterTask
2023-05-05 17:06:08.907430 0x00000d50         TelemetryService: Telemetry service stopped
