2023-05-05 15:27:30.447395 0x00003950         Scenario: shell_peristent_storage_read [start,success] Scenario.Status:success, Scenario.Step:start, delta:0, elapsed:43, elapsedSinceProcessStart:411, sequence:0
2023-05-05 15:27:30.450391 0x00003950         Scenario: shell_peristent_storage_read [stop,abandoned] InstanceId:565b3065-47b8-41d4-b3e0-8101a2c1db17, Scenario.Mode:1, Scenario.Name:shell_peristent_storage_read, Scenario.Status:abandoned, Scenario.Step:stop, delta:0, elapsed:43, elapsedSinceProcessStart:411, error:no such file or directory, fileName:configuration.json, previousStep:start, sequence:1, stepDelta:0
2023-05-05 15:27:30.458391 0x00003950         Scenario: shell_peristent_storage_read [start,success] Scenario.Status:success, Scenario.Step:start, delta:0, elapsed:53, elapsedSinceProcessStart:421, sequence:0
2023-05-05 15:27:30.470391 0x00003950         Scenario: shell_peristent_storage_read [stop,success] InstanceId:f45897bc-6ac3-4347-b2e0-fcf7f948c84c, Scenario.Mode:1, Scenario.Name:shell_peristent_storage_read, Scenario.Status:success, Scenario.Step:stop, delta:10, elapsed:63, elapsedSinceProcessStart:431, fileName:ecs_request_param.json, previousStep:start, sequence:1, stepDelta:10
2023-05-05 15:27:30.470391 0x00003950         TelemetryService: No primary user detected during a SetUserTenantId Call, setting 9188040d-6c67-4c5b-b112-36a304b66dad as default tenant
2023-05-05 15:27:30.471391 0x00003950         TelemetryService: No primary user detected during a SetUserId Call, setting 00000000-0000-0000-2d48-38c6fc473dda as UserInfo_Id
2023-05-05 15:27:30.471391 0x00003950         Scenario: shell_ecs_refresh [start,success] Scenario.Status:success, Scenario.Step:start, delta:0, elapsed:66, elapsedSinceProcessStart:434, sequence:0
2023-05-05 15:27:30.485392 0x00003950         Scenario: shell_ecs_cache [start,success] Scenario.Status:success, Scenario.Step:start, delta:0, elapsed:81, elapsedSinceProcessStart:449, sequence:0
2023-05-05 15:27:30.500392 0x00003950         Scenario: shell_ecs_cache [stop,success] InstanceId:f88364ed-349a-4679-b47e-5f9bd91ec62d, LatestVersion:23104.905.2039.8427, LatestVersionPath:/BuildSettings/WebView2/x64/latestVersion, Scenario.Mode:1, Scenario.Name:shell_ecs_cache, Scenario.Status:success, Scenario.Step:stop, StatusCode:200, TeamsBuilds:["arm64","latestVersion","x64","x86"], TeamsWebView2:["app","auth","autostart","core","extensibility","logging","meetNow","nativeModules","nbaFinalExperience","security","systemTray","taskbar","telemetry","tma","toasts","update","uxStateError","webLauncher","webNrc","webview","windowcontrols"], configExpiryTimeInSec:0, delta:8, elapsed:89, elapsedSinceProcessStart:457, expiry:Fri, 05 May 2023 13:18:31 GMT, previousStep:start, process:updater, requestParameters:{"ClientId":"d49b7b26-db8f-4180-9746-3e533f7a2667","aaduserid":"00000000-0000-0000-2d48-38c6fc473dda","agents":"TeamsBuilds,TeamsWebview2","audience":"general","cloud":"Consumer","cpuarch":"x64","desktopVersion":"23104.905.2039.8427","environment":"life","id":"00000000-0000-0000-2d48-38c6fc473dda","osplatform":"Windows","osversion":"10.0.22621","teamsring":"general","tenantId":"9188040d-6c67-4c5b-b112-36a304b66dad"}, sequence:1, stepDelta:8
2023-05-05 15:27:30.500392 0x00003950         EcsFetchCompletion: Ecs settings are already up to date
2023-05-05 15:27:30.502391 0x00003950         Scenario: shell_ecs_refresh [stop,abandoned] InstanceId:9a9fc26c-fe5e-4801-a9ea-67c9da8a0752, Scenario.Mode:1, Scenario.Name:shell_ecs_refresh, Scenario.Status:abandoned, Scenario.Step:stop, delta:30, elapsed:96, elapsedSinceProcessStart:464, previousStep:start, reason:up to date, sequence:1, stepDelta:30
2023-05-05 15:27:30.503393 0x00003950         Scenario: shell_ecs_start [start,success] Scenario.Status:success, Scenario.Step:start, delta:0, elapsed:98, elapsedSinceProcessStart:466, sequence:0
2023-05-05 15:27:30.504392 0x00003950         Scenario: shell_ecs_start [stop,success] InstanceId:376f467e-ca61-48b1-a316-bdf4883648eb, Scenario.Mode:3, Scenario.Name:shell_ecs_start, Scenario.Status:success, Scenario.Step:stop, Scenario.Steps:[{"Scenario.Status":"success","Scenario.Step":"stop","delta":0,"elapsed":98,"elapsedSinceProcessStart":466,"previousStep":"start","sequence":1,"stepDelta":0}], Scenario.StepsEx:[{}], delta:0, elapsed:98, elapsedSinceProcessStart:466, previousStep:start, sequence:1, stepDelta:0
2023-05-05 15:27:30.509392 0x00003950         UpdaterMain: Wait for ECS check result:0
2023-05-05 15:27:30.509392 0x00003950         Scenario: shell_updater_register_bgtask [start,success] Scenario.Status:success, Scenario.Step:start, delta:0, elapsed:104, elapsedSinceProcessStart:472, sequence:0
2023-05-05 15:27:30.509392 0x00003950         BackgroundTaskBase: Registered TeamsAsyncUpdaterTask background task successfully
2023-05-05 15:27:30.512396 0x00003950         Scenario: shell_updater_register_bgtask [stop,success] InstanceId:6aeebb59-69de-4eb3-bdea-9c4cb03836fe, Scenario.Mode:3, Scenario.Name:shell_updater_register_bgtask, Scenario.Status:success, Scenario.Step:stop, Scenario.Steps:[{"Scenario.Status":"success","Scenario.Step":"stop","delta":0,"elapsed":104,"elapsedSinceProcessStart":472,"previousStep":"start","sequence":1,"stepDelta":0}], Scenario.StepsEx:[{"taskName":"TeamsAsyncUpdaterTask"}], delta:0, elapsed:104, elapsedSinceProcessStart:472, previousStep:start, sequence:1, stepDelta:0, taskName:TeamsAsyncUpdaterTask
2023-05-05 15:27:30.512396 0x00003950         Scenario: shell_updater_register_bgtask [start,success] Scenario.Status:success, Scenario.Step:start, delta:0, elapsed:108, elapsedSinceProcessStart:476, sequence:0
2023-05-05 15:27:30.513392 0x00003950         BackgroundTaskBase: Registered TeamsEcsTask background task successfully
2023-05-05 15:27:30.515392 0x00003950         Scenario: shell_updater_register_bgtask [stop,success] InstanceId:58c2014f-b0ca-4c94-bcaa-a0cda0c4157e, Scenario.Mode:3, Scenario.Name:shell_updater_register_bgtask, Scenario.Status:success, Scenario.Step:stop, Scenario.Steps:[{"Scenario.Status":"success","Scenario.Step":"stop","delta":0,"elapsed":108,"elapsedSinceProcessStart":476,"previousStep":"start","sequence":1,"stepDelta":0}], Scenario.StepsEx:[{"taskName":"TeamsEcsTask"}], delta:0, elapsed:108, elapsedSinceProcessStart:476, previousStep:start, sequence:1, stepDelta:0, taskName:TeamsEcsTask
2023-05-05 15:27:30.526392 0x00003950         Scenario: shell_msix_update [start,success] Scenario.Status:success, Scenario.Step:start, delta:0, elapsed:121, elapsedSinceProcessStart:489, sequence:0
2023-05-05 15:27:30.526392 0x00003950 <ERROR> DeploymentProviderMSIX: Invalid udpate url.
2023-05-05 15:27:30.527395 0x00003950 <ERROR> WIL: msteamsupdate.exe!00007FF7576BFADD: LogHr(1) tid(3950) 800704C7 The operation was canceled by the user.
2023-05-05 15:27:30.530391 0x00003950 <ERROR> WIL: msteamsupdate.exe!00007FF7577424A6: ReturnHr(1) tid(3950) 800704C7 The operation was canceled by the user.
    Msg:[winrt::hresult_error: The operation was canceled by the user.] 
2023-05-05 15:27:30.573391 0x00003950         Scenario: shell_msix_update [stop,abandoned] CurrentVersion:23104.905.2039.8427, DeviceInfo_OfficeMachineId:8b3c21ba-eb81-6d4a-8a7c-cec30b11b3cf, ErrorText:, ExtendedErrorCode:0x0
, GenericErrorCode:0x800704c7
, InstanceId:9e9a0d70-93a9-42ff-b588-e289732da717, LatestVersion:23104.905.2039.8427, Scenario.Mode:3, Scenario.Name:shell_msix_update, Scenario.Status:abandoned, Scenario.Step:stop, Scenario.Steps:[{"Scenario.Status":"abandoned","Scenario.Step":"stop","delta":5,"elapsed":126,"elapsedSinceProcessStart":494,"previousStep":"start","sequence":1,"stepDelta":5}], Scenario.StepsEx:[{"CurrentVersion":"23104.905.2039.8427","DeviceInfo_OfficeMachineId":"8b3c21ba-eb81-6d4a-8a7c-cec30b11b3cf","ErrorText":"","ExtendedErrorCode":"0x0\n","GenericErrorCode":"0x800704c7\n","LatestVersion":"23104.905.2039.8427","UpdateCheckReason":"MainAppUpdateCheck","UpdateFailureCount":0,"UpdateUrl":"https://statics.teams.cdn.office.net/production-windows-x64/23104.905.2039.8427/MicrosoftTeams-x64.msix"}], UpdateCheckReason:MainAppUpdateCheck, UpdateFailureCount:0, UpdateUrl:https://statics.teams.cdn.office.net/production-windows-x64/23104.905.2039.8427/MicrosoftTeams-x64.msix, delta:5, elapsed:126, elapsedSinceProcessStart:494, previousStep:start, sequence:1, stepDelta:5
2023-05-05 15:27:30.573391 0x00003950         UpdateStateStoreWinRTAppData: previous app session:f101df97-a730-43ef-b82b-511e5c5ee7bd current app session:91708836-edf6-417e-aa04-8d33496e8da6 target version:23104.905.2039.8427
2023-05-05 15:27:30.573391 0x00003950         UpdateStateStoreWinRTAppData: Current total update failure count:0
2023-05-05 15:27:30.574391 0x00003950         UpdateStateStoreWinRTAppData: Erasing update attempt
2023-05-05 15:27:30.574391 0x00003950         UpdateStateStoreWinRTAppData: Storing update attempt for app session:91708836-edf6-417e-aa04-8d33496e8da6,target version:23104.905.2039.8427
2023-05-05 15:27:54.777127 0x00003950         TelemetryService: Telemetry service stopped
